// Jest Snapshot v1, https://goo.gl/fbAQLP

exports[`ConfirmationModal should render correctly 1`] = `
<div>
  <div
    className="confirmation-container"
  >
    <div
      className="modal-header"
    >
      <h2
        className="modal-header-title"
      >
        Are you sure?
      </h2>
      <p
        className="description"
      >
        This action cannot be undone.
      </p>
    </div>
    <div
      className="options"
    >
      <button
        className="confirm-button"
        onClick={[MockFunction]}
      >
        Confirm
      </button>
      <button
        className="cancel-button"
        onClick={[MockFunction]}
      >
        Cancel
      </button>
    </div>
  </div>
</div>
`;
