// Jest Snapshot v1, https://goo.gl/fbAQLP

exports[`Marker should render correctly 1`] = `
<img
  alt="Location Marker"
  className="marker"
  onClick={[MockFunction]}
  src="mockImage"
/>
`;
