// Jest Snapshot v1, https://goo.gl/fbAQLP

exports[`Modal Container should render correctly 1`] = `
<div>
  <div />
</div>
`;
